
Allocating common symbols
Common symbol       size              file

led_length          0x4               main.o
led_size            0x4               main.o

Memory Configuration

Name             Origin             Length             Attributes
SRAM             0x20000000         0x00018000         xrw
FLASH            0x08000000         0x00080000         xr
*default*        0x00000000         0xffffffff

Linker script and memory map

LOAD main.o
LOAD stm32f401_startup.o
                0x20018000                _estack = (ORIGIN (SRAM) + LENGTH (SRAM))
                0x00000200                __max_heap_size = 0x200
                0x00000400                __max_stack_size = 0x400

.text           0x08000000      0x298
                0x08000000                . = ALIGN (0x4)
 *(.isr_vector_tbl)
 .isr_vector_tbl
                0x08000000      0x194 stm32f401_startup.o
                0x08000000                vector_tbl
 */()
 *(.text)
 .text          0x08000194       0xd8 main.o
                0x08000194                main
 .text          0x0800026c       0x24 stm32f401_startup.o
                0x0800026c                EXTI2_IRQHandler
                0x0800026c                SVCall_Handler
                0x0800026c                SPI4_IRQHandler
                0x0800026c                TIM1_CC_IRQHandler
                0x0800026c                Systick_Handler
                0x0800026c                DMA2_Stream5_IRQHandler
                0x0800026c                DMA1_Stream5_IRQHandler
                0x0800026c                Hardfault_Handler
                0x0800026c                SDIO_IRQHandler
                0x0800026c                PendSV_Handler
                0x0800026c                NMI_Handler
                0x0800026c                EXTI3_IRQHandler
                0x0800026c                TIM1_UP_TIM10_IRQHandler
                0x0800026c                I2C3_ER_IRQHandler
                0x0800026c                EXTI18_OTG_FS_WKUP_IRQHandler
                0x0800026c                EXTI0_IRQHandler
                0x0800026c                I2C2_EV_IRQHandler
                0x0800026c                DMA1_Stream2_IRQHandler
                0x0800026c                FPU_IRQHandler
                0x0800026c                UsageFault_Handler
                0x0800026c                DMA2_Stream2_IRQHandler
                0x0800026c                SPI1_IRQHandler
                0x0800026c                TIM1_BRK_TIM9_IRQHandler
                0x0800026c                DMA2_Stream3_IRQHandler
                0x0800026c                USART6_IRQHandler
                0x0800026c                DMA2_Stream6_IRQHandler
                0x0800026c                DMA2_Stream0_IRQHandler
                0x0800026c                TIM4_IRQHandler
                0x0800026c                EXTI21_TAMP_STAMP_IRQHandler
                0x0800026c                I2C1_EV_IRQHandler
                0x0800026c                DMA1_Stream6_IRQHandler
                0x0800026c                DMA1_Stream1_IRQHandler
                0x0800026c                TIM3_IRQHandler
                0x0800026c                RCC_IRQHandler
                0x0800026c                Default_Handler
                0x0800026c                EXTI15_10_IRQHandler
                0x0800026c                ADC_IRQHandler
                0x0800026c                DMA1_Stream7_IRQHandler
                0x0800026c                TIM5_IRQHandler
                0x0800026c                DMA2_Stream7_IRQHandler
                0x0800026c                I2C3_EV_IRQHandler
                0x0800026c                EXTI9_5_IRQHandler
                0x0800026c                EXT16_PVD_IRQHandler
                0x0800026c                SPI2_IRQHandler
                0x0800026c                MemManage_Handler
                0x0800026c                DMA1_Stream0_IRQHandler
                0x0800026c                EXTI4_IRQHandler
                0x0800026c                EXTI22_RTC_WKUP_IRQHandler
                0x0800026c                WWDG_IRQHandler
                0x0800026c                TIM2_IRQHandler
                0x0800026c                TIM1_TRG_COM_TIM11_IRQHandler
                0x0800026c                EXTI1_IRQHandler
                0x0800026c                EXTI17_RTC_Alarm_IRQHandler
                0x0800026c                USART2_IRQHandler
                0x0800026c                I2C2_ER_IRQHandler
                0x0800026c                DMA2_Stream1_IRQHandler
                0x0800026c                FLASH_IRQHandler
                0x0800026c                DMA2_Stream4_IRQHandler
                0x0800026c                BusFault_Handler
                0x0800026c                USART1_IRQHandler
                0x0800026c                OTG_FS_IRQHandler
                0x0800026c                SPI3_IRQHandler
                0x0800026c                DMA1_Stream4_IRQHandler
                0x0800026c                I2C1_ER_IRQHandler
                0x0800026c                DebugMonitor_Handler
                0x0800026c                DMA1_Stream3_IRQHandler
                0x08000278                Reset_Handler
 *(.rodata)
 .rodata        0x08000290        0x8 main.o
                0x08000290                delay_sm
                0x08000292                delay_md
                0x08000294                delay_lg
                0x08000298                . = ALIGN (0x4)
                0x08000298                _etext = .

.glue_7         0x08000298        0x0
 .glue_7        0x08000298        0x0 linker stubs

.glue_7t        0x08000298        0x0
 .glue_7t       0x08000298        0x0 linker stubs

.vfp11_veneer   0x08000298        0x0
 .vfp11_veneer  0x08000298        0x0 linker stubs

.v4_bx          0x08000298        0x0
 .v4_bx         0x08000298        0x0 linker stubs

.iplt           0x08000298        0x0
 .iplt          0x08000298        0x0 stm32f401_startup.o

.rel.dyn        0x08000298        0x0
 .rel.iplt      0x08000298        0x0 stm32f401_startup.o

.data           0x20000000        0x0 load address 0x08000298
                0x20000000                . = ALIGN (0x4)
                0x20000000                _sdata = .
 *(.data)
 .data          0x20000000        0x0 main.o
 .data          0x20000000        0x0 stm32f401_startup.o
                0x20000000                . = ALIGN (0x4)
                0x20000000                _edata = .

.igot.plt       0x20000000        0x0 load address 0x08000298
 .igot.plt      0x20000000        0x0 stm32f401_startup.o

.bss            0x20000000        0x8 load address 0x08000298
                0x20000000                . = ALIGN (0x4)
                0x20000000                _sbss = .
 *(.bss)
 .bss           0x20000000        0x0 main.o
 .bss           0x20000000        0x0 stm32f401_startup.o
                0x20000000                . = ALIGN (0x4)
                0x20000000                _ebss = .
 COMMON         0x20000000        0x8 main.o
                0x20000000                led_length
                0x20000004                led_size
OUTPUT(stm32_blink.elf elf32-littlearm)

.comment        0x00000000       0x6e
 .comment       0x00000000       0x6e main.o
                                 0x6f (size before relaxing)
 .comment       0x0000006e       0x6f stm32f401_startup.o

.ARM.attributes
                0x00000000       0x30
 .ARM.attributes
                0x00000000       0x30 main.o
 .ARM.attributes
                0x00000030       0x30 stm32f401_startup.o
